"subject","weak_stochastic_transitivity","moderate_stochastic_transitivity","strong_stochastic_transitivity","regularity"
"Subject-1","0","0","0","0"
"Subject-2","2","2","2","0"
"Subject-3","3","3","3","3"
"Subject-4","0","0","0","0"
"Subject-5","4","4","4","2"
"Subject-6","0","0","0","0"
"Subject-7","0","0","0","0"
"Subject-8","0","0","0","0"
"Subject-9","0","0","0","0"
"Subject-10","0","0","0","0"
"Subject-11","0","0","0","10"
