"subject","cycles_3","cycles_4","total"
"Subject-1","0","0","0"
"Subject-2","0","0","0"
"Subject-3","0","0","0"
"Subject-4","0","0","0"
