"subject","weak_stochastic_transitivity","moderate_stochastic_transitivity","strong_stochastic_transitivity","regularity"
"Subject-1","0","0","0","7"
"Subject-2","0","0","0","7"
"Subject-3","0","0","0","7"
"Subject-4","0","0","0","7"
