"subject","dist_score","model","instances"
"random1","10","Partially Dominant Choice with Incomplete Preferences (Free-choice)","1"
"","10","Partially Dominant Choice with Incomplete Preferences (Forced-choice)","1"
