"subject","distance_score","model","instances"
"random1","9","Utility Maximization (Strict)","1"
"","9","Overload-Constrained Utility Maximization (Strict)","1"
"random2","9","Utility Maximization (Strict)","2"
"","9","Overload-Constrained Utility Maximization (Strict)","2"
"random3","8","Utility Maximization (Strict)","1"
"","8","Overload-Constrained Utility Maximization (Strict)","1"
"random4","9","Utility Maximization (Strict)","1"
"","9","Overload-Constrained Utility Maximization (Strict)","1"
"random5","11","Utility Maximization (Strict)","1"
"","11","Overload-Constrained Utility Maximization (Strict)","1"
"random6","8","Utility Maximization (Strict)","1"
"","8","Overload-Constrained Utility Maximization (Strict)","1"
"random7","12","Utility Maximization (Strict)","2"
"","12","Overload-Constrained Utility Maximization (Strict)","2"
"random8","12","Utility Maximization (Strict)","2"
"","12","Overload-Constrained Utility Maximization (Strict)","2"
"random9","11","Utility Maximization (Strict)","5"
"","11","Overload-Constrained Utility Maximization (Strict)","5"
"random10","12","Utility Maximization (Strict)","2"
"","12","Overload-Constrained Utility Maximization (Strict)","2"
"random11","10","Utility Maximization (Strict)","1"
"","10","Overload-Constrained Utility Maximization (Strict)","1"
"random12","12","Utility Maximization (Strict)","1"
"","12","Overload-Constrained Utility Maximization (Strict)","1"
"random13","12","Utility Maximization (Strict)","1"
"","12","Overload-Constrained Utility Maximization (Strict)","1"
"random14","12","Utility Maximization (Strict)","3"
"","12","Overload-Constrained Utility Maximization (Strict)","3"
"random15","9","Utility Maximization (Strict)","2"
"","9","Overload-Constrained Utility Maximization (Strict)","1"
"random16","12","Utility Maximization (Strict)","2"
"","12","Overload-Constrained Utility Maximization (Strict)","1"
"random17","12","Utility Maximization (Strict)","3"
"","12","Overload-Constrained Utility Maximization (Strict)","3"
"random18","13","Utility Maximization (Strict)","4"
"","13","Overload-Constrained Utility Maximization (Strict)","1"
"random19","10","Utility Maximization (Strict)","1"
"random20","11","Utility Maximization (Strict)","1"
"","11","Overload-Constrained Utility Maximization (Strict)","1"
"random21","10","Utility Maximization (Strict)","1"
"","10","Overload-Constrained Utility Maximization (Strict)","1"
"random22","11","Utility Maximization (Strict)","2"
"","11","Overload-Constrained Utility Maximization (Strict)","3"
"random23","10","Utility Maximization (Strict)","1"
"","10","Overload-Constrained Utility Maximization (Strict)","1"
"random24","11","Utility Maximization (Strict)","1"
"","11","Overload-Constrained Utility Maximization (Strict)","1"
"random25","12","Utility Maximization (Strict)","5"
"","12","Overload-Constrained Utility Maximization (Strict)","5"
"random26","11","Utility Maximization (Strict)","3"
"random27","11","Utility Maximization (Strict)","5"
"","11","Overload-Constrained Utility Maximization (Strict)","5"
"random28","12","Utility Maximization (Strict)","1"
"","12","Overload-Constrained Utility Maximization (Strict)","1"
"random29","8","Utility Maximization (Strict)","3"
"random30","12","Utility Maximization (Strict)","8"
"","12","Overload-Constrained Utility Maximization (Strict)","5"
"random31","11","Utility Maximization (Strict)","1"
"random32","11","Utility Maximization (Strict)","1"
"random33","11","Utility Maximization (Strict)","1"
"random34","10","Utility Maximization (Strict)","1"
"random35","13","Utility Maximization (Strict)","7"
"","13","Overload-Constrained Utility Maximization (Strict)","5"
"random36","9","Utility Maximization (Strict)","1"
"","9","Overload-Constrained Utility Maximization (Strict)","1"
"random37","10","Utility Maximization (Strict)","3"
"","10","Overload-Constrained Utility Maximization (Strict)","2"
"random38","12","Utility Maximization (Strict)","1"
"random39","11","Utility Maximization (Strict)","2"
"random40","11","Utility Maximization (Strict)","1"
"random41","13","Utility Maximization (Strict)","4"
"","13","Overload-Constrained Utility Maximization (Strict)","3"
"random42","11","Utility Maximization (Strict)","4"
"","11","Overload-Constrained Utility Maximization (Strict)","4"
"random43","12","Utility Maximization (Strict)","1"
"","12","Overload-Constrained Utility Maximization (Strict)","1"
"random44","12","Utility Maximization (Strict)","2"
"","12","Overload-Constrained Utility Maximization (Strict)","2"
"random45","11","Utility Maximization (Strict)","1"
"","11","Overload-Constrained Utility Maximization (Strict)","1"
"random46","10","Utility Maximization (Strict)","2"
"","10","Overload-Constrained Utility Maximization (Strict)","2"
"random47","13","Utility Maximization (Strict)","6"
"","13","Overload-Constrained Utility Maximization (Strict)","6"
"random48","12","Utility Maximization (Strict)","2"
"random49","11","Utility Maximization (Strict)","2"
"","11","Overload-Constrained Utility Maximization (Strict)","2"
"random50","10","Utility Maximization (Strict)","1"
"random51","11","Utility Maximization (Strict)","2"
"","11","Overload-Constrained Utility Maximization (Strict)","2"
"random52","11","Utility Maximization (Strict)","1"
"random53","12","Utility Maximization (Strict)","1"
"random54","12","Utility Maximization (Strict)","4"
"","12","Overload-Constrained Utility Maximization (Strict)","1"
"random55","12","Utility Maximization (Strict)","4"
"","12","Overload-Constrained Utility Maximization (Strict)","3"
"random56","9","Utility Maximization (Strict)","2"
"","9","Overload-Constrained Utility Maximization (Strict)","2"
"random57","9","Utility Maximization (Strict)","2"
"","9","Overload-Constrained Utility Maximization (Strict)","2"
"random58","12","Utility Maximization (Strict)","1"
"random59","13","Utility Maximization (Strict)","3"
"random60","9","Utility Maximization (Strict)","1"
"","9","Overload-Constrained Utility Maximization (Strict)","1"
"random61","10","Utility Maximization (Strict)","1"
"random62","12","Utility Maximization (Strict)","3"
"","12","Overload-Constrained Utility Maximization (Strict)","2"
"random63","11","Utility Maximization (Strict)","3"
"","11","Overload-Constrained Utility Maximization (Strict)","2"
"random64","12","Utility Maximization (Strict)","1"
"","12","Overload-Constrained Utility Maximization (Strict)","1"
"random65","11","Utility Maximization (Strict)","3"
"","11","Overload-Constrained Utility Maximization (Strict)","3"
"random66","12","Utility Maximization (Strict)","1"
"","12","Overload-Constrained Utility Maximization (Strict)","1"
"random67","11","Utility Maximization (Strict)","4"
"","11","Overload-Constrained Utility Maximization (Strict)","3"
"random68","11","Utility Maximization (Strict)","1"
"","11","Overload-Constrained Utility Maximization (Strict)","1"
"random69","12","Utility Maximization (Strict)","1"
"","12","Overload-Constrained Utility Maximization (Strict)","1"
"random70","10","Utility Maximization (Strict)","1"
"random71","9","Utility Maximization (Strict)","1"
"","9","Overload-Constrained Utility Maximization (Strict)","1"
"random72","12","Utility Maximization (Strict)","3"
"","12","Overload-Constrained Utility Maximization (Strict)","1"
"random73","10","Utility Maximization (Strict)","1"
"random74","11","Utility Maximization (Strict)","2"
"random75","12","Utility Maximization (Strict)","4"
"","12","Overload-Constrained Utility Maximization (Strict)","5"
"random76","11","Utility Maximization (Strict)","3"
"","11","Overload-Constrained Utility Maximization (Strict)","3"
"random77","11","Utility Maximization (Strict)","2"
"random78","10","Utility Maximization (Strict)","1"
"random79","12","Utility Maximization (Strict)","2"
"","12","Overload-Constrained Utility Maximization (Strict)","2"
"random80","11","Utility Maximization (Strict)","2"
"","11","Overload-Constrained Utility Maximization (Strict)","2"
"random81","8","Utility Maximization (Strict)","1"
"","8","Overload-Constrained Utility Maximization (Strict)","1"
"random82","11","Utility Maximization (Strict)","3"
"","11","Overload-Constrained Utility Maximization (Strict)","3"
"random83","10","Utility Maximization (Strict)","1"
"","10","Overload-Constrained Utility Maximization (Strict)","1"
"random84","10","Utility Maximization (Strict)","1"
"","10","Overload-Constrained Utility Maximization (Strict)","1"
"random85","10","Utility Maximization (Strict)","1"
"","10","Overload-Constrained Utility Maximization (Strict)","1"
"random86","10","Utility Maximization (Strict)","1"
"random87","11","Utility Maximization (Strict)","1"
"random88","7","Utility Maximization (Strict)","2"
"","7","Overload-Constrained Utility Maximization (Strict)","2"
"random89","9","Utility Maximization (Strict)","1"
"","9","Overload-Constrained Utility Maximization (Strict)","1"
"random90","11","Utility Maximization (Strict)","6"
"","11","Overload-Constrained Utility Maximization (Strict)","4"
"random91","13","Utility Maximization (Strict)","3"
"random92","11","Utility Maximization (Strict)","1"
"","11","Overload-Constrained Utility Maximization (Strict)","1"
"random93","10","Utility Maximization (Strict)","1"
"random94","12","Utility Maximization (Strict)","2"
"random95","12","Utility Maximization (Strict)","3"
"random96","8","Utility Maximization (Strict)","1"
"","8","Overload-Constrained Utility Maximization (Strict)","1"
"random97","13","Utility Maximization (Strict)","6"
"","13","Overload-Constrained Utility Maximization (Strict)","1"
"random98","9","Utility Maximization (Strict)","1"
"random99","12","Utility Maximization (Strict)","1"
"random100","10","Utility Maximization (Strict)","2"
"","10","Overload-Constrained Utility Maximization (Strict)","2"
"random101","12","Utility Maximization (Strict)","4"
"random102","8","Utility Maximization (Strict)","1"
"random103","13","Utility Maximization (Strict)","5"
"","13","Overload-Constrained Utility Maximization (Strict)","5"
"random104","8","Utility Maximization (Strict)","1"
"random105","11","Utility Maximization (Strict)","2"
"","11","Overload-Constrained Utility Maximization (Strict)","2"
"random106","10","Utility Maximization (Strict)","3"
"random107","10","Utility Maximization (Strict)","1"
"","10","Overload-Constrained Utility Maximization (Strict)","1"
"random108","9","Utility Maximization (Strict)","1"
"","9","Overload-Constrained Utility Maximization (Strict)","1"
"random109","10","Utility Maximization (Strict)","1"
"","10","Overload-Constrained Utility Maximization (Strict)","1"
"random110","13","Utility Maximization (Strict)","5"
"","13","Overload-Constrained Utility Maximization (Strict)","4"
"random111","11","Utility Maximization (Strict)","2"
"random112","10","Utility Maximization (Strict)","1"
"random113","12","Utility Maximization (Strict)","2"
"random114","9","Utility Maximization (Strict)","1"
"","9","Overload-Constrained Utility Maximization (Strict)","1"
"random115","11","Utility Maximization (Strict)","1"
"","11","Overload-Constrained Utility Maximization (Strict)","1"
"random116","10","Utility Maximization (Strict)","2"
"","10","Overload-Constrained Utility Maximization (Strict)","2"
"random117","12","Utility Maximization (Strict)","2"
"","12","Overload-Constrained Utility Maximization (Strict)","2"
"random118","11","Utility Maximization (Strict)","2"
"","11","Overload-Constrained Utility Maximization (Strict)","2"
"random119","10","Utility Maximization (Strict)","3"
"","10","Overload-Constrained Utility Maximization (Strict)","1"
"random120","9","Utility Maximization (Strict)","1"
"","9","Overload-Constrained Utility Maximization (Strict)","1"
"random121","13","Utility Maximization (Strict)","2"
"","13","Overload-Constrained Utility Maximization (Strict)","2"
"random122","11","Utility Maximization (Strict)","2"
"","11","Overload-Constrained Utility Maximization (Strict)","3"
"random123","11","Utility Maximization (Strict)","1"
"","11","Overload-Constrained Utility Maximization (Strict)","1"
"random124","12","Utility Maximization (Strict)","2"
"","12","Overload-Constrained Utility Maximization (Strict)","2"
"random125","12","Utility Maximization (Strict)","2"
"","12","Overload-Constrained Utility Maximization (Strict)","2"
"random126","9","Utility Maximization (Strict)","2"
"","9","Overload-Constrained Utility Maximization (Strict)","2"
"random127","9","Utility Maximization (Strict)","3"
"","9","Overload-Constrained Utility Maximization (Strict)","3"
"random128","8","Utility Maximization (Strict)","1"
"","8","Overload-Constrained Utility Maximization (Strict)","1"
