"subject","weak_stochastic_transitivity","moderate_stochastic_transitivity","strong_stochastic_transitivity","regularity"
"random00","3","3","3","3"
"random01","0","1","1","3"
"random02","0","0","1","2"
"random03","0","0","0","2"
"random04","0","0","0","1"
"random05","0","0","0","0"
