"subject","weak_stochastic_transitivity","moderate_stochastic_transitivity","strong_stochastic_transitivity","regularity"
"1","0","0","0","0"
"2","0","0","0","0"
