"subject","dist_score","dist_score_upper_bound","model","instance"
"random1","10","10","Partially Dominant Choice with Incomplete Preferences (free-choice)","AwUBAwQMHAA="
"random1","10","10","Partially Dominant Choice with Incomplete Preferences (forced-choice)","AwUBAwQMHAE="
