"subject","cycles_3","total"
"1","0","0"
"2","0","0"
