"subject","weak_stochastic_transitivity","moderate_stochastic_transitivity","strong_stochastic_transitivity","regularity"
"random1","0","0","0","0"
