'subject',	'distance_score',	'model',	'instance'
'random1',	'9',	'Utility Maximization (Strict)',	'AAURGx8ZEA=='
'random1',	'9',	'Overload-Constrained Utility Maximization (Strict)',	'BQURGx8ZEAQ='
'random2',	'9',	'Utility Maximization (Strict)',	'AAUFHwQNHQ=='
'random2',	'9',	'Utility Maximization (Strict)',	'AAUNHwQMHQ=='
'random2',	'9',	'Overload-Constrained Utility Maximization (Strict)',	'BQUFHwQNHQQ='
'random2',	'9',	'Overload-Constrained Utility Maximization (Strict)',	'BQUNHwQMHQQ='
'random3',	'8',	'Utility Maximization (Strict)',	'AAUHBgQPHw=='
'random3',	'8',	'Overload-Constrained Utility Maximization (Strict)',	'BQUHBgQPHwQ='
'random4',	'9',	'Utility Maximization (Strict)',	'AAUfHhQcEA=='
'random4',	'9',	'Overload-Constrained Utility Maximization (Strict)',	'BQUfHhQcEAQ='
'random5',	'11',	'Utility Maximization (Strict)',	'AAUdHxwIGA=='
'random5',	'11',	'Overload-Constrained Utility Maximization (Strict)',	'BQUdHxwIGAQ='
'random6',	'8',	'Utility Maximization (Strict)',	'AAUfHgQcFA=='
'random6',	'8',	'Overload-Constrained Utility Maximization (Strict)',	'BQUfHgQcFAQ='
'random7',	'12',	'Utility Maximization (Strict)',	'AAURGx8ZEA=='
'random7',	'12',	'Utility Maximization (Strict)',	'AAUZGx8YEA=='
'random7',	'12',	'Overload-Constrained Utility Maximization (Strict)',	'BQURGx8ZEAQ='
'random7',	'12',	'Overload-Constrained Utility Maximization (Strict)',	'BQUZGx8YEAQ='
'random8',	'12',	'Utility Maximization (Strict)',	'AAUBAx8LGw=='
'random8',	'12',	'Utility Maximization (Strict)',	'AAUBAx8bEw=='
'random8',	'12',	'Overload-Constrained Utility Maximization (Strict)',	'BQUBAx8LGwQ='
'random8',	'12',	'Overload-Constrained Utility Maximization (Strict)',	'BQUBAx8bEwQ='
'random9',	'11',	'Utility Maximization (Strict)',	'AAUBAwcPHw=='
'random9',	'11',	'Utility Maximization (Strict)',	'AAUBBwUPHw=='
'random9',	'11',	'Utility Maximization (Strict)',	'AAUBExcfEQ=='
'random9',	'11',	'Utility Maximization (Strict)',	'AAUBFxUfEQ=='
'random9',	'11',	'Utility Maximization (Strict)',	'AAUBHx0JGQ=='
'random9',	'11',	'Overload-Constrained Utility Maximization (Strict)',	'BQUBAwcPHwQ='
'random9',	'11',	'Overload-Constrained Utility Maximization (Strict)',	'BQUBBwUPHwQ='
'random9',	'11',	'Overload-Constrained Utility Maximization (Strict)',	'BQUBExcfEQQ='
'random9',	'11',	'Overload-Constrained Utility Maximization (Strict)',	'BQUBFxUfEQQ='
'random9',	'11',	'Overload-Constrained Utility Maximization (Strict)',	'BQUBHx0JGQQ='
'random10',	'12',	'Utility Maximization (Strict)',	'AAUNHwQMHQ=='
'random10',	'12',	'Utility Maximization (Strict)',	'AAUNHwwIHQ=='
'random10',	'12',	'Overload-Constrained Utility Maximization (Strict)',	'BQUNHwQMHQQ='
'random10',	'12',	'Overload-Constrained Utility Maximization (Strict)',	'BQUNHwwIHQQ='
'random11',	'10',	'Utility Maximization (Strict)',	'AAUBGx8ZEQ=='
'random11',	'10',	'Overload-Constrained Utility Maximization (Strict)',	'BQUBGx8ZEQQ='
'random12',	'12',	'Utility Maximization (Strict)',	'AAUBCx8JGw=='
'random12',	'12',	'Overload-Constrained Utility Maximization (Strict)',	'BQUBCx8JGwQ='
'random13',	'12',	'Utility Maximization (Strict)',	'AAUBHwUNHQ=='
'random13',	'12',	'Overload-Constrained Utility Maximization (Strict)',	'BQUBHwUNHQQ='
'random14',	'12',	'Utility Maximization (Strict)',	'AAUDAhcfEw=='
'random14',	'12',	'Utility Maximization (Strict)',	'AAUHBgQfFw=='
'random14',	'12',	'Utility Maximization (Strict)',	'AAUfAhYeEg=='
'random14',	'12',	'Overload-Constrained Utility Maximization (Strict)',	'BQUDAhcfEwQ='
'random14',	'12',	'Overload-Constrained Utility Maximization (Strict)',	'BQUHBgQfFwQ='
'random14',	'12',	'Overload-Constrained Utility Maximization (Strict)',	'BQUfAhYeEgQ='
'random15',	'9',	'Utility Maximization (Strict)',	'AAUBBwUfFw=='
'random15',	'9',	'Utility Maximization (Strict)',	'AAUfBgQeFg=='
'random15',	'9',	'Overload-Constrained Utility Maximization (Strict)',	'BQUfBgQeFgQ='
'random16',	'12',	'Utility Maximization (Strict)',	'AAUZHx0IGA=='
'random16',	'12',	'Utility Maximization (Strict)',	'AAUZHx0YEA=='
'random16',	'12',	'Overload-Constrained Utility Maximization (Strict)',	'BQUZHx0IGAQ='
'random17',	'12',	'Utility Maximization (Strict)',	'AAUBAw8LHw=='
'random17',	'12',	'Utility Maximization (Strict)',	'AAUBGx8JGQ=='
'random17',	'12',	'Utility Maximization (Strict)',	'AAUfGh4IGA=='
'random17',	'12',	'Overload-Constrained Utility Maximization (Strict)',	'BQUBAw8LHwQ='
'random17',	'12',	'Overload-Constrained Utility Maximization (Strict)',	'BQUBGx8JGQQ='
'random17',	'12',	'Overload-Constrained Utility Maximization (Strict)',	'BQUfGh4IGAQ='
'random18',	'13',	'Utility Maximization (Strict)',	'AAUFHwQdFQ=='
'random18',	'13',	'Utility Maximization (Strict)',	'AAUfHgQMHA=='
'random18',	'13',	'Utility Maximization (Strict)',	'AAUfHgQcFA=='
'random18',	'13',	'Utility Maximization (Strict)',	'AAUfHgwIHA=='
'random18',	'13',	'Overload-Constrained Utility Maximization (Strict)',	'BQUfHgwIHAQ='
'random19',	'10',	'Utility Maximization (Strict)',	'AAUREx8bEA=='
'random20',	'11',	'Utility Maximization (Strict)',	'AAUfFgQeFA=='
'random20',	'11',	'Overload-Constrained Utility Maximization (Strict)',	'BQUfFgQeFAQ='
'random21',	'10',	'Utility Maximization (Strict)',	'AAUfGh4IGA=='
'random21',	'10',	'Overload-Constrained Utility Maximization (Strict)',	'BQUfGh4IGAQ='
'random22',	'11',	'Utility Maximization (Strict)',	'AAUPAg4KHw=='
'random22',	'11',	'Utility Maximization (Strict)',	'AAUPBgQOHw=='
'random22',	'11',	'Overload-Constrained Utility Maximization (Strict)',	'BQUPAg4KHwM='
'random22',	'11',	'Overload-Constrained Utility Maximization (Strict)',	'BQUPAg4KHwQ='
'random22',	'11',	'Overload-Constrained Utility Maximization (Strict)',	'BQUPBgQOHwQ='
'random23',	'10',	'Utility Maximization (Strict)',	'AAUBAx8bEw=='
'random23',	'10',	'Overload-Constrained Utility Maximization (Strict)',	'BQUBAx8bEwQ='
'random24',	'11',	'Utility Maximization (Strict)',	'AAUXAhYfEg=='
'random24',	'11',	'Overload-Constrained Utility Maximization (Strict)',	'BQUXAhYfEgQ='
'random25',	'12',	'Utility Maximization (Strict)',	'AAUJHw0IHQ=='
'random25',	'12',	'Utility Maximization (Strict)',	'AAUJHx0IGQ=='
'random25',	'12',	'Utility Maximization (Strict)',	'AAUNHwwIHQ=='
'random25',	'12',	'Utility Maximization (Strict)',	'AAUdHwwIHA=='
'random25',	'12',	'Utility Maximization (Strict)',	'AAUdHxwIGA=='
'random25',	'12',	'Overload-Constrained Utility Maximization (Strict)',	'BQUJHw0IHQQ='
'random25',	'12',	'Overload-Constrained Utility Maximization (Strict)',	'BQUJHx0IGQQ='
'random25',	'12',	'Overload-Constrained Utility Maximization (Strict)',	'BQUNHwwIHQQ='
'random25',	'12',	'Overload-Constrained Utility Maximization (Strict)',	'BQUdHwwIHAQ='
'random25',	'12',	'Overload-Constrained Utility Maximization (Strict)',	'BQUdHxwIGAQ='
'random26',	'11',	'Utility Maximization (Strict)',	'AAUREx8bEA=='
'random26',	'11',	'Utility Maximization (Strict)',	'AAURGx8ZEA=='
'random26',	'11',	'Utility Maximization (Strict)',	'AAUTEh8bEA=='
'random27',	'11',	'Utility Maximization (Strict)',	'AAUBAw8LHw=='
'random27',	'11',	'Utility Maximization (Strict)',	'AAUBCw8JHw=='
'random27',	'11',	'Utility Maximization (Strict)',	'AAUBDw0JHw=='
'random27',	'11',	'Utility Maximization (Strict)',	'AAUJCw8IHw=='
'random27',	'11',	'Utility Maximization (Strict)',	'AAUJDw0IHw=='
'random27',	'11',	'Overload-Constrained Utility Maximization (Strict)',	'BQUBAw8LHwQ='
'random27',	'11',	'Overload-Constrained Utility Maximization (Strict)',	'BQUBCw8JHwQ='
'random27',	'11',	'Overload-Constrained Utility Maximization (Strict)',	'BQUBDw0JHwQ='
'random27',	'11',	'Overload-Constrained Utility Maximization (Strict)',	'BQUJCw8IHwQ='
'random27',	'11',	'Overload-Constrained Utility Maximization (Strict)',	'BQUJDw0IHwQ='
'random28',	'12',	'Utility Maximization (Strict)',	'AAUBHxUdEQ=='
'random28',	'12',	'Overload-Constrained Utility Maximization (Strict)',	'BQUBHxUdEQQ='
'random29',	'8',	'Utility Maximization (Strict)',	'AAUHBgQfFw=='
'random29',	'8',	'Utility Maximization (Strict)',	'AAUXBgQfFg=='
'random29',	'8',	'Utility Maximization (Strict)',	'AAUXFgQfFA=='
'random30',	'12',	'Utility Maximization (Strict)',	'AAUDAh8bEw=='
'random30',	'12',	'Utility Maximization (Strict)',	'AAUFFwQfFQ=='
'random30',	'12',	'Utility Maximization (Strict)',	'AAUHAgYfFw=='
'random30',	'12',	'Utility Maximization (Strict)',	'AAUHBgQfFw=='
'random30',	'12',	'Utility Maximization (Strict)',	'AAUPAg4KHw=='
'random30',	'12',	'Utility Maximization (Strict)',	'AAUXFgQfFA=='
'random30',	'12',	'Utility Maximization (Strict)',	'AAUfAh4aEg=='
'random30',	'12',	'Utility Maximization (Strict)',	'AAUfEh4aEA=='
'random30',	'12',	'Overload-Constrained Utility Maximization (Strict)',	'BQUDAh8bEwQ='
'random30',	'12',	'Overload-Constrained Utility Maximization (Strict)',	'BQUHAgYfFwQ='
'random30',	'12',	'Overload-Constrained Utility Maximization (Strict)',	'BQUPAg4KHwQ='
'random30',	'12',	'Overload-Constrained Utility Maximization (Strict)',	'BQUfAh4aEgQ='
'random30',	'12',	'Overload-Constrained Utility Maximization (Strict)',	'BQUfEh4aEAQ='
'random31',	'11',	'Utility Maximization (Strict)',	'AAUTAhcfEg=='
'random32',	'11',	'Utility Maximization (Strict)',	'AAUfHgQcFA=='
'random33',	'11',	'Utility Maximization (Strict)',	'AAUFHwQNHQ=='
'random34',	'10',	'Utility Maximization (Strict)',	'AAUbCh8IGg=='
'random35',	'13',	'Utility Maximization (Strict)',	'AAUBAx8LGw=='
'random35',	'13',	'Utility Maximization (Strict)',	'AAUBCx8JGw=='
'random35',	'13',	'Utility Maximization (Strict)',	'AAULAh8KGw=='
'random35',	'13',	'Utility Maximization (Strict)',	'AAUNDwQMHw=='
'random35',	'13',	'Utility Maximization (Strict)',	'AAUPAgYOHw=='
'random35',	'13',	'Utility Maximization (Strict)',	'AAUPBgQOHw=='
'random35',	'13',	'Utility Maximization (Strict)',	'AAUPDgQMHw=='
'random35',	'13',	'Overload-Constrained Utility Maximization (Strict)',	'BQUBAx8LGwQ='
'random35',	'13',	'Overload-Constrained Utility Maximization (Strict)',	'BQUBCx8JGwQ='
'random35',	'13',	'Overload-Constrained Utility Maximization (Strict)',	'BQULAh8KGwM='
'random35',	'13',	'Overload-Constrained Utility Maximization (Strict)',	'BQULAh8KGwQ='
'random35',	'13',	'Overload-Constrained Utility Maximization (Strict)',	'BQUPAgYOHwQ='
'random36',	'9',	'Utility Maximization (Strict)',	'AAUNHwwIHQ=='
'random36',	'9',	'Overload-Constrained Utility Maximization (Strict)',	'BQUNHwwIHQQ='
'random37',	'10',	'Utility Maximization (Strict)',	'AAUBCw8JHw=='
'random37',	'10',	'Utility Maximization (Strict)',	'AAUJCw8IHw=='
'random37',	'10',	'Utility Maximization (Strict)',	'AAUfCg4IHg=='
'random37',	'10',	'Overload-Constrained Utility Maximization (Strict)',	'BQUJCw8IHwQ='
'random37',	'10',	'Overload-Constrained Utility Maximization (Strict)',	'BQUfCg4IHgQ='
'random38',	'12',	'Utility Maximization (Strict)',	'AAUZHx0YEA=='
'random39',	'11',	'Utility Maximization (Strict)',	'AAUfAh4KGg=='
'random39',	'11',	'Utility Maximization (Strict)',	'AAUfAh4aEg=='
'random40',	'11',	'Utility Maximization (Strict)',	'AAUBAx8bEw=='
'random41',	'13',	'Utility Maximization (Strict)',	'AAUVFwQfFA=='
'random41',	'13',	'Utility Maximization (Strict)',	'AAUXFgQfFA=='
'random41',	'13',	'Utility Maximization (Strict)',	'AAUdHwwIHA=='
'random41',	'13',	'Utility Maximization (Strict)',	'AAUfAg4KHg=='
'random41',	'13',	'Overload-Constrained Utility Maximization (Strict)',	'BQUVFwQfFAQ='
'random41',	'13',	'Overload-Constrained Utility Maximization (Strict)',	'BQUXFgQfFAQ='
'random41',	'13',	'Overload-Constrained Utility Maximization (Strict)',	'BQUdHwwIHAQ='
'random42',	'11',	'Utility Maximization (Strict)',	'AAULAh8KGw=='
'random42',	'11',	'Utility Maximization (Strict)',	'AAUTAh8bEg=='
'random42',	'11',	'Utility Maximization (Strict)',	'AAUbAh8KGg=='
'random42',	'11',	'Utility Maximization (Strict)',	'AAUbAh8aEg=='
'random42',	'11',	'Overload-Constrained Utility Maximization (Strict)',	'BQULAh8KGwQ='
'random42',	'11',	'Overload-Constrained Utility Maximization (Strict)',	'BQUTAh8bEgQ='
'random42',	'11',	'Overload-Constrained Utility Maximization (Strict)',	'BQUbAh8KGgQ='
'random42',	'11',	'Overload-Constrained Utility Maximization (Strict)',	'BQUbAh8aEgQ='
'random43',	'12',	'Utility Maximization (Strict)',	'AAUTEh8bEA=='
'random43',	'12',	'Overload-Constrained Utility Maximization (Strict)',	'BQUTEh8bEAQ='
'random44',	'12',	'Utility Maximization (Strict)',	'AAUfHgwIHA=='
'random44',	'12',	'Utility Maximization (Strict)',	'AAUfHhwIGA=='
'random44',	'12',	'Overload-Constrained Utility Maximization (Strict)',	'BQUfHgwIHAQ='
'random44',	'12',	'Overload-Constrained Utility Maximization (Strict)',	'BQUfHhwIGAQ='
'random45',	'11',	'Utility Maximization (Strict)',	'AAUBAwcfFw=='
'random45',	'11',	'Overload-Constrained Utility Maximization (Strict)',	'BQUBAwcfFwQ='
'random46',	'10',	'Utility Maximization (Strict)',	'AAUPAgYOHw=='
'random46',	'10',	'Utility Maximization (Strict)',	'AAUPBgQOHw=='
'random46',	'10',	'Overload-Constrained Utility Maximization (Strict)',	'BQUPAgYOHwQ='
'random46',	'10',	'Overload-Constrained Utility Maximization (Strict)',	'BQUPBgQOHwQ='
'random47',	'13',	'Utility Maximization (Strict)',	'AAUFFwQfFQ=='
'random47',	'13',	'Utility Maximization (Strict)',	'AAUNHwwIHQ=='
'random47',	'13',	'Utility Maximization (Strict)',	'AAUVFwQfFA=='
'random47',	'13',	'Utility Maximization (Strict)',	'AAUVFxQfEA=='
'random47',	'13',	'Utility Maximization (Strict)',	'AAUdHxwIGA=='
'random47',	'13',	'Utility Maximization (Strict)',	'AAUdHxwYEA=='
'random47',	'13',	'Overload-Constrained Utility Maximization (Strict)',	'BQUFFwQfFQM='
'random47',	'13',	'Overload-Constrained Utility Maximization (Strict)',	'BQUFFwQfFQQ='
'random47',	'13',	'Overload-Constrained Utility Maximization (Strict)',	'BQUVFwQfFAM='
'random47',	'13',	'Overload-Constrained Utility Maximization (Strict)',	'BQUVFwQfFAQ='
'random47',	'13',	'Overload-Constrained Utility Maximization (Strict)',	'BQUVFxQfEAQ='
'random47',	'13',	'Overload-Constrained Utility Maximization (Strict)',	'BQUdHxwYEAQ='
'random48',	'12',	'Utility Maximization (Strict)',	'AAUZGx8IGA=='
'random48',	'12',	'Utility Maximization (Strict)',	'AAUdHwwIHA=='
'random49',	'11',	'Utility Maximization (Strict)',	'AAUPAgYOHw=='
'random49',	'11',	'Utility Maximization (Strict)',	'AAUPAg4KHw=='
'random49',	'11',	'Overload-Constrained Utility Maximization (Strict)',	'BQUPAgYOHwQ='
'random49',	'11',	'Overload-Constrained Utility Maximization (Strict)',	'BQUPAg4KHwQ='
'random50',	'10',	'Utility Maximization (Strict)',	'AAUfGh4YEA=='
'random51',	'11',	'Utility Maximization (Strict)',	'AAULAh8KGw=='
'random51',	'11',	'Utility Maximization (Strict)',	'AAUbAh8KGg=='
'random51',	'11',	'Overload-Constrained Utility Maximization (Strict)',	'BQULAh8KGwQ='
'random51',	'11',	'Overload-Constrained Utility Maximization (Strict)',	'BQUbAh8KGgQ='
'random52',	'11',	'Utility Maximization (Strict)',	'AAUJCx8IGw=='
'random53',	'12',	'Utility Maximization (Strict)',	'AAURGx8ZEA=='
'random54',	'12',	'Utility Maximization (Strict)',	'AAUfBgQOHg=='
'random54',	'12',	'Utility Maximization (Strict)',	'AAUfDgQMHg=='
'random54',	'12',	'Utility Maximization (Strict)',	'AAUfEh4aEA=='
'random54',	'12',	'Utility Maximization (Strict)',	'AAUfHgQMHA=='
'random54',	'12',	'Overload-Constrained Utility Maximization (Strict)',	'BQUfEh4aEAQ='
'random55',	'12',	'Utility Maximization (Strict)',	'AAUBHx0ZEQ=='
'random55',	'12',	'Utility Maximization (Strict)',	'AAUXAhYfEg=='
'random55',	'12',	'Utility Maximization (Strict)',	'AAUXFhQfEA=='
'random55',	'12',	'Utility Maximization (Strict)',	'AAUfHhwYEA=='
'random55',	'12',	'Overload-Constrained Utility Maximization (Strict)',	'BQUXAhYfEgQ='
'random55',	'12',	'Overload-Constrained Utility Maximization (Strict)',	'BQUXFhQfEAQ='
'random55',	'12',	'Overload-Constrained Utility Maximization (Strict)',	'BQUfHhwYEAQ='
'random56',	'9',	'Utility Maximization (Strict)',	'AAUBCx8JGw=='
'random56',	'9',	'Utility Maximization (Strict)',	'AAUJCx8IGw=='
'random56',	'9',	'Overload-Constrained Utility Maximization (Strict)',	'BQUBCx8JGwQ='
'random56',	'9',	'Overload-Constrained Utility Maximization (Strict)',	'BQUJCx8IGwQ='
'random57',	'9',	'Utility Maximization (Strict)',	'AAUDAgcfFw=='
'random57',	'9',	'Utility Maximization (Strict)',	'AAUDAhcfEw=='
'random57',	'9',	'Overload-Constrained Utility Maximization (Strict)',	'BQUDAgcfFwQ='
'random57',	'9',	'Overload-Constrained Utility Maximization (Strict)',	'BQUDAhcfEwQ='
'random58',	'12',	'Utility Maximization (Strict)',	'AAUXFgQfFA=='
'random59',	'13',	'Utility Maximization (Strict)',	'AAUDAh8bEw=='
'random59',	'13',	'Utility Maximization (Strict)',	'AAUHAgYfFw=='
'random59',	'13',	'Utility Maximization (Strict)',	'AAUXAhYfEg=='
'random60',	'9',	'Utility Maximization (Strict)',	'AAUbCh8IGg=='
'random60',	'9',	'Overload-Constrained Utility Maximization (Strict)',	'BQUbCh8IGgQ='
'random61',	'10',	'Utility Maximization (Strict)',	'AAUBExcfEQ=='
'random62',	'12',	'Utility Maximization (Strict)',	'AAUBHwUdFQ=='
'random62',	'12',	'Utility Maximization (Strict)',	'AAURHxUdEA=='
'random62',	'12',	'Utility Maximization (Strict)',	'AAUdHwQcFA=='
'random62',	'12',	'Overload-Constrained Utility Maximization (Strict)',	'BQUBHwUdFQQ='
'random62',	'12',	'Overload-Constrained Utility Maximization (Strict)',	'BQURHxUdEAQ='
'random63',	'11',	'Utility Maximization (Strict)',	'AAUBCw8JHw=='
'random63',	'11',	'Utility Maximization (Strict)',	'AAUBDw0JHw=='
'random63',	'11',	'Utility Maximization (Strict)',	'AAUfDgwIHg=='
'random63',	'11',	'Overload-Constrained Utility Maximization (Strict)',	'BQUBCw8JHwQ='
'random63',	'11',	'Overload-Constrained Utility Maximization (Strict)',	'BQUBDw0JHwQ='
'random64',	'12',	'Utility Maximization (Strict)',	'AAUPDgwIHw=='
'random64',	'12',	'Overload-Constrained Utility Maximization (Strict)',	'BQUPDgwIHwQ='
'random65',	'11',	'Utility Maximization (Strict)',	'AAUBAwcPHw=='
'random65',	'11',	'Utility Maximization (Strict)',	'AAUBDwUNHw=='
'random65',	'11',	'Utility Maximization (Strict)',	'AAUDAgcPHw=='
'random65',	'11',	'Overload-Constrained Utility Maximization (Strict)',	'BQUBAwcPHwQ='
'random65',	'11',	'Overload-Constrained Utility Maximization (Strict)',	'BQUBDwUNHwQ='
'random65',	'11',	'Overload-Constrained Utility Maximization (Strict)',	'BQUDAgcPHwQ='
'random66',	'12',	'Utility Maximization (Strict)',	'AAUXFhQfEA=='
'random66',	'12',	'Overload-Constrained Utility Maximization (Strict)',	'BQUXFhQfEAQ='
'random67',	'11',	'Utility Maximization (Strict)',	'AAUFBwQPHw=='
'random67',	'11',	'Utility Maximization (Strict)',	'AAUFDwQNHw=='
'random67',	'11',	'Utility Maximization (Strict)',	'AAUHAgYPHw=='
'random67',	'11',	'Utility Maximization (Strict)',	'AAUHBgQPHw=='
'random67',	'11',	'Overload-Constrained Utility Maximization (Strict)',	'BQUFBwQPHwQ='
'random67',	'11',	'Overload-Constrained Utility Maximization (Strict)',	'BQUFDwQNHwQ='
'random67',	'11',	'Overload-Constrained Utility Maximization (Strict)',	'BQUHBgQPHwQ='
'random68',	'11',	'Utility Maximization (Strict)',	'AAUZHx0YEA=='
'random68',	'11',	'Overload-Constrained Utility Maximization (Strict)',	'BQUZHx0YEAQ='
'random69',	'12',	'Utility Maximization (Strict)',	'AAUNDwQMHw=='
'random69',	'12',	'Overload-Constrained Utility Maximization (Strict)',	'BQUNDwQMHwQ='
'random70',	'10',	'Utility Maximization (Strict)',	'AAUfCg4IHg=='
'random71',	'9',	'Utility Maximization (Strict)',	'AAUfDgQMHg=='
'random71',	'9',	'Overload-Constrained Utility Maximization (Strict)',	'BQUfDgQMHgQ='
'random72',	'12',	'Utility Maximization (Strict)',	'AAUVFwQfFA=='
'random72',	'12',	'Utility Maximization (Strict)',	'AAUXEhYfEA=='
'random72',	'12',	'Utility Maximization (Strict)',	'AAUXFgQfFA=='
'random72',	'12',	'Overload-Constrained Utility Maximization (Strict)',	'BQUXEhYfEAQ='
'random73',	'10',	'Utility Maximization (Strict)',	'AAUTEhcfEA=='
'random74',	'11',	'Utility Maximization (Strict)',	'AAURHxUdEA=='
'random74',	'11',	'Utility Maximization (Strict)',	'AAURHx0ZEA=='
'random75',	'12',	'Utility Maximization (Strict)',	'AAUZHx0IGA=='
'random75',	'12',	'Utility Maximization (Strict)',	'AAUbAh8KGg=='
'random75',	'12',	'Utility Maximization (Strict)',	'AAUbAh8aEg=='
'random75',	'12',	'Utility Maximization (Strict)',	'AAUbCh8IGg=='
'random75',	'12',	'Overload-Constrained Utility Maximization (Strict)',	'BQUZHx0IGAQ='
'random75',	'12',	'Overload-Constrained Utility Maximization (Strict)',	'BQUbAh8KGgM='
'random75',	'12',	'Overload-Constrained Utility Maximization (Strict)',	'BQUbAh8KGgQ='
'random75',	'12',	'Overload-Constrained Utility Maximization (Strict)',	'BQUbAh8aEgQ='
'random75',	'12',	'Overload-Constrained Utility Maximization (Strict)',	'BQUbCh8IGgQ='
'random76',	'11',	'Utility Maximization (Strict)',	'AAUFBwQfFw=='
'random76',	'11',	'Utility Maximization (Strict)',	'AAUHAgYfFw=='
'random76',	'11',	'Utility Maximization (Strict)',	'AAUXAgYfFg=='
'random76',	'11',	'Overload-Constrained Utility Maximization (Strict)',	'BQUFBwQfFwQ='
'random76',	'11',	'Overload-Constrained Utility Maximization (Strict)',	'BQUHAgYfFwQ='
'random76',	'11',	'Overload-Constrained Utility Maximization (Strict)',	'BQUXAgYfFgQ='
'random77',	'11',	'Utility Maximization (Strict)',	'AAUDAhcfEw=='
'random77',	'11',	'Utility Maximization (Strict)',	'AAUXAhYfEg=='
'random78',	'10',	'Utility Maximization (Strict)',	'AAUfHgwIHA=='
'random79',	'12',	'Utility Maximization (Strict)',	'AAUbAh8KGg=='
'random79',	'12',	'Utility Maximization (Strict)',	'AAUbCh8IGg=='
'random79',	'12',	'Overload-Constrained Utility Maximization (Strict)',	'BQUbAh8KGgQ='
'random79',	'12',	'Overload-Constrained Utility Maximization (Strict)',	'BQUbCh8IGgQ='
'random80',	'11',	'Utility Maximization (Strict)',	'AAUDAhcfEw=='
'random80',	'11',	'Utility Maximization (Strict)',	'AAUbAh8aEg=='
'random80',	'11',	'Overload-Constrained Utility Maximization (Strict)',	'BQUDAhcfEwQ='
'random80',	'11',	'Overload-Constrained Utility Maximization (Strict)',	'BQUbAh8aEgQ='
'random81',	'8',	'Utility Maximization (Strict)',	'AAUNDwwIHw=='
'random81',	'8',	'Overload-Constrained Utility Maximization (Strict)',	'BQUNDwwIHwQ='
'random82',	'11',	'Utility Maximization (Strict)',	'AAUVFxQfEA=='
'random82',	'11',	'Utility Maximization (Strict)',	'AAUXEhYfEA=='
'random82',	'11',	'Utility Maximization (Strict)',	'AAUXFhQfEA=='
'random82',	'11',	'Overload-Constrained Utility Maximization (Strict)',	'BQUVFxQfEAQ='
'random82',	'11',	'Overload-Constrained Utility Maximization (Strict)',	'BQUXEhYfEAQ='
'random82',	'11',	'Overload-Constrained Utility Maximization (Strict)',	'BQUXFhQfEAQ='
'random83',	'10',	'Utility Maximization (Strict)',	'AAUfGh4YEA=='
'random83',	'10',	'Overload-Constrained Utility Maximization (Strict)',	'BQUfGh4YEAQ='
'random84',	'10',	'Utility Maximization (Strict)',	'AAUHBgQPHw=='
'random84',	'10',	'Overload-Constrained Utility Maximization (Strict)',	'BQUHBgQPHwQ='
'random85',	'10',	'Utility Maximization (Strict)',	'AAUJCx8IGw=='
'random85',	'10',	'Overload-Constrained Utility Maximization (Strict)',	'BQUJCx8IGwQ='
'random86',	'10',	'Utility Maximization (Strict)',	'AAUNHwQMHQ=='
'random87',	'11',	'Utility Maximization (Strict)',	'AAUdHxwYEA=='
'random88',	'7',	'Utility Maximization (Strict)',	'AAUHAgYPHw=='
'random88',	'7',	'Utility Maximization (Strict)',	'AAUPAgYOHw=='
'random88',	'7',	'Overload-Constrained Utility Maximization (Strict)',	'BQUHAgYPHwQ='
'random88',	'7',	'Overload-Constrained Utility Maximization (Strict)',	'BQUPAgYOHwQ='
'random89',	'9',	'Utility Maximization (Strict)',	'AAUZHx0YEA=='
'random89',	'9',	'Overload-Constrained Utility Maximization (Strict)',	'BQUZHx0YEAQ='
'random90',	'11',	'Utility Maximization (Strict)',	'AAUDAgcPHw=='
'random90',	'11',	'Utility Maximization (Strict)',	'AAUHAgYPHw=='
'random90',	'11',	'Utility Maximization (Strict)',	'AAUHBgQPHw=='
'random90',	'11',	'Utility Maximization (Strict)',	'AAULAh8KGw=='
'random90',	'11',	'Utility Maximization (Strict)',	'AAUPAgYOHw=='
'random90',	'11',	'Utility Maximization (Strict)',	'AAUPBgQOHw=='
'random90',	'11',	'Overload-Constrained Utility Maximization (Strict)',	'BQUDAgcPHwQ='
'random90',	'11',	'Overload-Constrained Utility Maximization (Strict)',	'BQUHAgYPHwQ='
'random90',	'11',	'Overload-Constrained Utility Maximization (Strict)',	'BQULAh8KGwQ='
'random90',	'11',	'Overload-Constrained Utility Maximization (Strict)',	'BQUPAgYOHwQ='
'random91',	'13',	'Utility Maximization (Strict)',	'AAUXAhYfEg=='
'random91',	'13',	'Utility Maximization (Strict)',	'AAUfAgYOHg=='
'random91',	'13',	'Utility Maximization (Strict)',	'AAUfAh4KGg=='
'random92',	'11',	'Utility Maximization (Strict)',	'AAURHxUdEA=='
'random92',	'11',	'Overload-Constrained Utility Maximization (Strict)',	'BQURHxUdEAQ='
'random93',	'10',	'Utility Maximization (Strict)',	'AAUHAgYPHw=='
'random94',	'12',	'Utility Maximization (Strict)',	'AAUFHwQNHQ=='
'random94',	'12',	'Utility Maximization (Strict)',	'AAUFHwQdFQ=='
'random95',	'12',	'Utility Maximization (Strict)',	'AAUFHwQNHQ=='
'random95',	'12',	'Utility Maximization (Strict)',	'AAUVFwQfFA=='
'random95',	'12',	'Utility Maximization (Strict)',	'AAUdHwQMHA=='
'random96',	'8',	'Utility Maximization (Strict)',	'AAUfHgwIHA=='
'random96',	'8',	'Overload-Constrained Utility Maximization (Strict)',	'BQUfHgwIHAQ='
'random97',	'13',	'Utility Maximization (Strict)',	'AAUDAgcPHw=='
'random97',	'13',	'Utility Maximization (Strict)',	'AAUDAg8LHw=='
'random97',	'13',	'Utility Maximization (Strict)',	'AAUHAgYPHw=='
'random97',	'13',	'Utility Maximization (Strict)',	'AAUPAgYOHw=='
'random97',	'13',	'Utility Maximization (Strict)',	'AAUPAg4KHw=='
'random97',	'13',	'Utility Maximization (Strict)',	'AAUXFgQfFA=='
'random97',	'13',	'Overload-Constrained Utility Maximization (Strict)',	'BQUXFgQfFAQ='
'random98',	'9',	'Utility Maximization (Strict)',	'AAUbEh8aEA=='
'random99',	'12',	'Utility Maximization (Strict)',	'AAUBAwcfFw=='
'random100',	'10',	'Utility Maximization (Strict)',	'AAUFFwQfFQ=='
'random100',	'10',	'Utility Maximization (Strict)',	'AAUHBgQfFw=='
'random100',	'10',	'Overload-Constrained Utility Maximization (Strict)',	'BQUFFwQfFQQ='
'random100',	'10',	'Overload-Constrained Utility Maximization (Strict)',	'BQUHBgQfFwQ='
'random101',	'12',	'Utility Maximization (Strict)',	'AAUFBwQfFw=='
'random101',	'12',	'Utility Maximization (Strict)',	'AAUFFwQfFQ=='
'random101',	'12',	'Utility Maximization (Strict)',	'AAUVFwQfFA=='
'random101',	'12',	'Utility Maximization (Strict)',	'AAUXFgQfFA=='
'random102',	'8',	'Utility Maximization (Strict)',	'AAUDAg8LHw=='
'random103',	'13',	'Utility Maximization (Strict)',	'AAUBAx8LGw=='
'random103',	'13',	'Utility Maximization (Strict)',	'AAUBGx8JGQ=='
'random103',	'13',	'Utility Maximization (Strict)',	'AAUDAh8LGw=='
'random103',	'13',	'Utility Maximization (Strict)',	'AAUFBwQPHw=='
'random103',	'13',	'Utility Maximization (Strict)',	'AAUHBgQPHw=='
'random103',	'13',	'Overload-Constrained Utility Maximization (Strict)',	'BQUBAx8LGwQ='
'random103',	'13',	'Overload-Constrained Utility Maximization (Strict)',	'BQUBGx8JGQQ='
'random103',	'13',	'Overload-Constrained Utility Maximization (Strict)',	'BQUDAh8LGwQ='
'random103',	'13',	'Overload-Constrained Utility Maximization (Strict)',	'BQUFBwQPHwQ='
'random103',	'13',	'Overload-Constrained Utility Maximization (Strict)',	'BQUHBgQPHwQ='
'random104',	'8',	'Utility Maximization (Strict)',	'AAUNDwQMHw=='
'random105',	'11',	'Utility Maximization (Strict)',	'AAUfBgQOHg=='
'random105',	'11',	'Utility Maximization (Strict)',	'AAUfBgQeFg=='
'random105',	'11',	'Overload-Constrained Utility Maximization (Strict)',	'BQUfBgQOHgQ='
'random105',	'11',	'Overload-Constrained Utility Maximization (Strict)',	'BQUfBgQeFgQ='
'random106',	'10',	'Utility Maximization (Strict)',	'AAUBCx8JGw=='
'random106',	'10',	'Utility Maximization (Strict)',	'AAUBGx8JGQ=='
'random106',	'10',	'Utility Maximization (Strict)',	'AAUBGx8ZEQ=='
'random107',	'10',	'Utility Maximization (Strict)',	'AAUNHwQMHQ=='
'random107',	'10',	'Overload-Constrained Utility Maximization (Strict)',	'BQUNHwQMHQQ='
'random108',	'9',	'Utility Maximization (Strict)',	'AAUfFhQeEA=='
'random108',	'9',	'Overload-Constrained Utility Maximization (Strict)',	'BQUfFhQeEAQ='
'random109',	'10',	'Utility Maximization (Strict)',	'AAUNDwwIHw=='
'random109',	'10',	'Overload-Constrained Utility Maximization (Strict)',	'BQUNDwwIHwQ='
'random110',	'13',	'Utility Maximization (Strict)',	'AAUDAh8LGw=='
'random110',	'13',	'Utility Maximization (Strict)',	'AAUDAh8bEw=='
'random110',	'13',	'Utility Maximization (Strict)',	'AAULAh8KGw=='
'random110',	'13',	'Utility Maximization (Strict)',	'AAUTAh8bEg=='
'random110',	'13',	'Utility Maximization (Strict)',	'AAUTEh8bEA=='
'random110',	'13',	'Overload-Constrained Utility Maximization (Strict)',	'BQUDAh8LGwQ='
'random110',	'13',	'Overload-Constrained Utility Maximization (Strict)',	'BQUDAh8bEwQ='
'random110',	'13',	'Overload-Constrained Utility Maximization (Strict)',	'BQULAh8KGwQ='
'random110',	'13',	'Overload-Constrained Utility Maximization (Strict)',	'BQUTAh8bEgQ='
'random111',	'11',	'Utility Maximization (Strict)',	'AAUDAgcPHw=='
'random111',	'11',	'Utility Maximization (Strict)',	'AAUDAg8LHw=='
'random112',	'10',	'Utility Maximization (Strict)',	'AAUfBgQeFg=='
'random113',	'12',	'Utility Maximization (Strict)',	'AAUFBwQPHw=='
'random113',	'12',	'Utility Maximization (Strict)',	'AAUFDwQNHw=='
'random114',	'9',	'Utility Maximization (Strict)',	'AAUJCw8IHw=='
'random114',	'9',	'Overload-Constrained Utility Maximization (Strict)',	'BQUJCw8IHwQ='
'random115',	'11',	'Utility Maximization (Strict)',	'AAUXFgQfFA=='
'random115',	'11',	'Overload-Constrained Utility Maximization (Strict)',	'BQUXFgQfFAQ='
'random116',	'10',	'Utility Maximization (Strict)',	'AAUBHw0JHQ=='
'random116',	'10',	'Utility Maximization (Strict)',	'AAUBHx0JGQ=='
'random116',	'10',	'Overload-Constrained Utility Maximization (Strict)',	'BQUBHw0JHQQ='
'random116',	'10',	'Overload-Constrained Utility Maximization (Strict)',	'BQUBHx0JGQQ='
'random117',	'12',	'Utility Maximization (Strict)',	'AAUFBwQfFw=='
'random117',	'12',	'Utility Maximization (Strict)',	'AAUFFwQfFQ=='
'random117',	'12',	'Overload-Constrained Utility Maximization (Strict)',	'BQUFBwQfFwQ='
'random117',	'12',	'Overload-Constrained Utility Maximization (Strict)',	'BQUFFwQfFQQ='
'random118',	'11',	'Utility Maximization (Strict)',	'AAUPCg4IHw=='
'random118',	'11',	'Utility Maximization (Strict)',	'AAUfGh4IGA=='
'random118',	'11',	'Overload-Constrained Utility Maximization (Strict)',	'BQUPCg4IHwQ='
'random118',	'11',	'Overload-Constrained Utility Maximization (Strict)',	'BQUfGh4IGAQ='
'random119',	'10',	'Utility Maximization (Strict)',	'AAUdHwQcFA=='
'random119',	'10',	'Utility Maximization (Strict)',	'AAUdHxQcEA=='
'random119',	'10',	'Utility Maximization (Strict)',	'AAUdHxwYEA=='
'random119',	'10',	'Overload-Constrained Utility Maximization (Strict)',	'BQUdHwQcFAQ='
'random120',	'9',	'Utility Maximization (Strict)',	'AAUfDgwIHg=='
'random120',	'9',	'Overload-Constrained Utility Maximization (Strict)',	'BQUfDgwIHgQ='
'random121',	'13',	'Utility Maximization (Strict)',	'AAUTAh8bEg=='
'random121',	'13',	'Utility Maximization (Strict)',	'AAUbAh8aEg=='
'random121',	'13',	'Overload-Constrained Utility Maximization (Strict)',	'BQUTAh8bEgQ='
'random121',	'13',	'Overload-Constrained Utility Maximization (Strict)',	'BQUbAh8aEgQ='
'random122',	'11',	'Utility Maximization (Strict)',	'AAUfHgQcFA=='
'random122',	'11',	'Utility Maximization (Strict)',	'AAUfHhQcEA=='
'random122',	'11',	'Overload-Constrained Utility Maximization (Strict)',	'BQUfHgQcFAQ='
'random122',	'11',	'Overload-Constrained Utility Maximization (Strict)',	'BQUfHhQcEAM='
'random122',	'11',	'Overload-Constrained Utility Maximization (Strict)',	'BQUfHhQcEAQ='
'random123',	'11',	'Utility Maximization (Strict)',	'AAUfGh4YEA=='
'random123',	'11',	'Overload-Constrained Utility Maximization (Strict)',	'BQUfGh4YEAQ='
'random124',	'12',	'Utility Maximization (Strict)',	'AAUBAw8LHw=='
'random124',	'12',	'Utility Maximization (Strict)',	'AAUDAg8LHw=='
'random124',	'12',	'Overload-Constrained Utility Maximization (Strict)',	'BQUBAw8LHwQ='
'random124',	'12',	'Overload-Constrained Utility Maximization (Strict)',	'BQUDAg8LHwQ='
'random125',	'12',	'Utility Maximization (Strict)',	'AAUFBwQPHw=='
'random125',	'12',	'Utility Maximization (Strict)',	'AAUFDwQNHw=='
'random125',	'12',	'Overload-Constrained Utility Maximization (Strict)',	'BQUFBwQPHwQ='
'random125',	'12',	'Overload-Constrained Utility Maximization (Strict)',	'BQUFDwQNHwQ='
'random126',	'9',	'Utility Maximization (Strict)',	'AAUBExcfEQ=='
'random126',	'9',	'Utility Maximization (Strict)',	'AAUBFxUfEQ=='
'random126',	'9',	'Overload-Constrained Utility Maximization (Strict)',	'BQUBExcfEQQ='
'random126',	'9',	'Overload-Constrained Utility Maximization (Strict)',	'BQUBFxUfEQQ='
'random127',	'9',	'Utility Maximization (Strict)',	'AAUfDgQMHg=='
'random127',	'9',	'Utility Maximization (Strict)',	'AAUfHgQMHA=='
'random127',	'9',	'Utility Maximization (Strict)',	'AAUfHgQcFA=='
'random127',	'9',	'Overload-Constrained Utility Maximization (Strict)',	'BQUfDgQMHgQ='
'random127',	'9',	'Overload-Constrained Utility Maximization (Strict)',	'BQUfHgQMHAQ='
'random127',	'9',	'Overload-Constrained Utility Maximization (Strict)',	'BQUfHgQcFAQ='
'random128',	'8',	'Utility Maximization (Strict)',	'AAUFHwQNHQ=='
'random128',	'8',	'Overload-Constrained Utility Maximization (Strict)',	'BQUFHwQNHQQ='